// Jest Snapshot v1, https://goo.gl/fbAQLP

exports[`Snapshot posts should render Snapshot posts is rendered 1`] = `
<DocumentFragment>
  <div
    class="posts"
  >
    <h1
      class="postsArticle"
    >
      Follow us on Instagram for News, Offers & More
    </h1>
    <div
      class="postsWrapper"
    >
      <div
        class="postItem"
      >
        <img
          alt="post-img"
          class="post-image"
          src="instagram-image1.png"
        />
        <p
          class="postText"
        >
          If you’ve recently made a desktop PC or laptop purchase, you might want to consider adding peripherals to enhance your home office setup, your gaming rig, or your business workspace...
        </p>
        <p
          class="postDate"
        >
          01.09.2020
        </p>
      </div>
      <div
        class="postItem"
      >
        <img
          alt="post-img"
          class="post-image"
          src="instagram-image2.png"
        />
        <p
          class="postText"
        >
          If you’ve recently made a desktop PC or laptop purchase, you might want to consider adding peripherals to enhance your home office setup, your gaming rig, or your business workspace...
        </p>
        <p
          class="postDate"
        >
          01.09.2020
        </p>
      </div>
      <div
        class="postItem"
      >
        <img
          alt="post-img"
          class="post-image"
          src="instagram-image3.png"
        />
        <p
          class="postText"
        >
          If you’ve recently made a desktop PC or laptop purchase, you might want to consider adding peripherals to enhance your home office setup, your gaming rig, or your business workspace...
        </p>
        <p
          class="postDate"
        >
          01.09.2020
        </p>
      </div>
      <div
        class="postItem"
      >
        <img
          alt="post-img"
          class="post-image"
          src="instagram-image4.png"
        />
        <p
          class="postText"
        >
          If you’ve recently made a desktop PC or laptop purchase, you might want to consider adding peripherals to enhance your home office setup, your gaming rig, or your business workspace...
        </p>
        <p
          class="postDate"
        >
          01.09.2020
        </p>
      </div>
      <div
        class="postItem"
      >
        <img
          alt="post-img"
          class="post-image"
          src="instagram-image5.png"
        />
        <p
          class="postText"
        >
          If you’ve recently made a desktop PC or laptop purchase, you might want to consider adding peripherals to enhance your home office setup, your gaming rig, or your business workspace...
        </p>
        <p
          class="postDate"
        >
          01.09.2020
        </p>
      </div>
      <div
        class="postItem"
      >
        <img
          alt="post-img"
          class="post-image"
          src="instagram-image6.png"
        />
        <p
          class="postText"
        >
          If you’ve recently made a desktop PC or laptop purchase, you might want to consider adding peripherals to enhance your home office setup, your gaming rig, or your business workspace...
        </p>
        <p
          class="postDate"
        >
          01.09.2020
        </p>
      </div>
      <div
        class="postItem"
      >
        <img
          alt="post-img"
          class="post-image"
          src="instagram-image7.png"
        />
        <p
          class="postText"
        >
          If you’ve recently made a desktop PC or laptop purchase, you might want to consider adding peripherals to enhance your home office setup, your gaming rig, or your business workspace...
        </p>
        <p
          class="postDate"
        >
          01.09.2020
        </p>
      </div>
      <div
        class="postItem"
      >
        <img
          alt="post-img"
          class="post-image"
          src="instagram-image8.png"
        />
        <p
          class="postText"
        >
          If you’ve recently made a desktop PC or laptop purchase, you might want to consider adding peripherals to enhance your home office setup, your gaming rig, or your business workspace...
        </p>
        <p
          class="postDate"
        >
          01.09.2020
        </p>
      </div>
      <div
        class="postItem"
      >
        <img
          alt="post-img"
          class="post-image"
          src="instagram-image9.png"
        />
        <p
          class="postText"
        >
          If you’ve recently made a desktop PC or laptop purchase, you might want to consider adding peripherals to enhance your home office setup, your gaming rig, or your business workspace...
        </p>
        <p
          class="postDate"
        >
          01.09.2020
        </p>
      </div>
    </div>
  </div>
</DocumentFragment>
`;
