// Jest Snapshot v1, https://goo.gl/fbAQLP

exports[`Snapshot header should render Snapshot header is rendered 1`] = `
<DocumentFragment>
  <header>
    <div
      class="headerWrapper"
    >
      <div
        class="blackBg"
      >
        <div>
          <p
            class="dateBur"
          >
            Mon-Thu:
            <span
              class="timeBur"
            >
               9:00 AM - 5:30 PM
            </span>
          </p>
        </div>
        <div
          class="adressBurWrapper"
        >
          <p
            class="adressBur"
          >
            Visit our showroom in 1234 Street Adress City A
          </p>
          <a
            class="adressBurLink"
            href="mailto:address@gmail.com"
          >
            Contact Us
          </a>
        </div>
        <div
          class="phoneBurWrapper"
        >
          <div>
            <a
              class="phoneNumber"
              href="tel:0012345678"
            >
              Call Us: (00) 1234 5678
            </a>
          </div>
          <div>
            <svg
              class="fbIcon"
            >
              ant-design_facebook-filled.svg
            </svg>
            <svg
              class="instagramIcon"
            >
              ant-design_instagram-filled.svg
            </svg>
          </div>
        </div>
      </div>
    </div>
    <div
      class="whiteWrapper"
    >
      <div
        class="wrapperContainer"
      >
        <div
          class="wrapperNavBar"
        >
          <nav
            class="navBur"
          >
            <a
              aria-current="page"
              class="navLinksLogo active"
              href="/"
            >
              <svg
                class="logo"
                role="button"
                tabindex="0"
              >
                Logo.svg
              </svg>
            </a>
          </nav>
          <nav
            class="navBur"
          >
            <div
              class="btnBurger"
              role="button"
              tabindex="0"
            >
               
              <span
                class="btnSpan"
              >
                 
              </span>
            </div>
            <div
              class="menu"
              role="button"
              tabindex="0"
            >
              <div
                class="menuWrapper"
              >
                <div
                  class="menuContent"
                  role="button"
                  tabindex="0"
                >
                  <div
                    class="menuHeader"
                  >
                    <svg
                      class="menuLogoIcon"
                    >
                      Logo.svg
                    </svg>
                    <svg
                      class="btnClose"
                    >
                      closeIcon.svg
                    </svg>
                  </div>
                  <ul
                    class="navBur"
                  >
                    <li>
                      <div>
                        <a
                          class="navLinks"
                          href="/filter/laptop"
                        >
                          Laptops
                        </a>
                      </div>
                    </li>
                    <li>
                      <div>
                        <a
                          class="navLinks"
                          href="/filter/monitor"
                        >
                          Monitors
                        </a>
                      </div>
                    </li>
                    <li>
                      <div>
                        <a
                          class="navLinks"
                          href="/filter/phones"
                        >
                          Phones
                        </a>
                      </div>
                    </li>
                    <li>
                      <div>
                        <a
                          class="navLinks"
                          href="/filter/headphones"
                        >
                          Headphones
                        </a>
                      </div>
                    </li>
                  </ul>
                </div>
              </div>
            </div>
          </nav>
        </div>
        <div
          class="searchBox"
        >
          <form>
            <input
              class="searchInput"
              placeholder="Search entiere store here..."
              type="text"
              value=""
            />
          </form>
        </div>
        <div
          class="navBarRight"
        >
          <nav
            class="navBur"
          >
            <svg
              class="searchIcon"
              role="button"
              tabindex="0"
            >
              Vector.svg
            </svg>
            <li
              class="navBarRightItem"
            >
              <svg
                class="cartIcon"
                role="button"
                tabindex="0"
              >
                Cart.svg
              </svg>
            </li>
            <li
              class="navBarRightItem"
            >
              <div>
                <a
                  class=""
                  href="/sign-in"
                >
                  <svg
                    class="signInIcon"
                  >
                    Sign-in.svg
                  </svg>
                </a>
              </div>
            </li>
          </nav>
        </div>
      </div>
    </div>
  </header>
</DocumentFragment>
`;
