// Jest Snapshot v1, https://goo.gl/fbAQLP

exports[`Snapshot AboutProductCommonTabText should render Snapshot AboutProductCommonTabText is rendered 1`] = `
<DocumentFragment>
  <div>
    <h1
      class="productTitle"
    >
       
    </h1>
    <p
      class="productDescription"
    />
    <div
      class="colorsWrapper"
    />
    <p
      class="itemNo"
    >
      Article:
    </p>
    <p
      class="contactUsText"
    >
      Have a Question? 
      <a
        href="/contact-us"
      >
        Contact us
      </a>
    </p>
  </div>
</DocumentFragment>
`;
